{"services":[{"host":"Simple_API_overview","port":80,"path":"\/","protocol":"http","name":"Simple_API_overview","routes":[{"methods":["GET"],"strip_path":false,"tags":["OAS3_import","OAS3file_api-with-examples.yaml"],"name":"Simple_API_overview-path-get","paths":["\/path\/v2$"]},{"methods":["GET"],"strip_path":false,"tags":["OAS3_import","OAS3file_api-with-examples.yaml"],"name":"Simple_API_overview-path_1-get","paths":["\/path\/$"]}],"tags":["OAS3_import","OAS3file_api-with-examples.yaml"]},{"host":"Callback_Example","port":80,"path":"\/","protocol":"http","name":"Callback_Example","routes":[{"methods":["POST"],"strip_path":false,"tags":["OAS3_import","OAS3file_callback-example.yaml"],"name":"Callback_Example-path-post","paths":["\/path\/streams$"]}],"tags":["OAS3_import","OAS3file_callback-example.yaml"]},{"host":"Link_Example","port":80,"path":"\/","protocol":"http","name":"Link_Example","routes":[{"methods":["GET"],"strip_path":false,"tags":["OAS3_import","OAS3file_link-example.yaml"],"name":"Link_Example-path-get","paths":["\/path\/2.0\/repositories\/(?<username>\\S+)\/(?<slug>\\S+)$"]},{"methods":["GET"],"strip_path":false,"tags":["OAS3_import","OAS3file_link-example.yaml"],"name":"Link_Example-path_1-get","paths":["\/path\/2.0\/repositories\/(?<username>\\S+)$"]},{"methods":["POST"],"strip_path":false,"tags":["OAS3_import","OAS3file_link-example.yaml"],"name":"Link_Example-path_2-post","paths":["\/path\/2.0\/repositories\/(?<username>\\S+)\/(?<slug>\\S+)\/pullrequests\/(?<pid>\\S+)\/merge$"]},{"methods":["GET"],"strip_path":false,"tags":["OAS3_import","OAS3file_link-example.yaml"],"name":"Link_Example-path_3-get","paths":["\/path\/2.0\/repositories\/(?<username>\\S+)\/(?<slug>\\S+)\/pullrequests\/(?<pid>\\S+)$"]},{"methods":["GET"],"strip_path":false,"tags":["OAS3_import","OAS3file_link-example.yaml"],"name":"Link_Example-path_4-get","paths":["\/path\/2.0\/users\/(?<username>\\S+)$"]},{"methods":["GET"],"strip_path":false,"tags":["OAS3_import","OAS3file_link-example.yaml"],"name":"Link_Example-path_5-get","paths":["\/path\/2.0\/repositories\/(?<username>\\S+)\/(?<slug>\\S+)\/pullrequests$"]}],"tags":["OAS3_import","OAS3file_link-example.yaml"]},{"host":"Swagger_Petstore","port":80,"path":"\/","protocol":"http","name":"Swagger_Petstore","routes":[{"methods":["POST"],"strip_path":false,"tags":["OAS3_import","OAS3file_petstore-expanded.yaml"],"name":"Swagger_Petstore-path-post","paths":["\/api\/pets$"]},{"methods":["GET"],"strip_path":false,"tags":["OAS3_import","OAS3file_petstore-expanded.yaml"],"name":"Swagger_Petstore-path-get","paths":["\/api\/pets$"]},{"methods":["DELETE"],"strip_path":false,"tags":["OAS3_import","OAS3file_petstore-expanded.yaml"],"name":"Swagger_Petstore-path_1-delete","paths":["\/api\/pets\/(?<id>\\S+)$"]},{"methods":["GET"],"strip_path":false,"tags":["OAS3_import","OAS3file_petstore-expanded.yaml"],"name":"Swagger_Petstore-path_1-get","paths":["\/api\/pets\/(?<id>\\S+)$"]}],"tags":["OAS3_import","OAS3file_petstore-expanded.yaml"]},{"host":"USPTO_Data_Set_API","port":443,"path":"\/","protocol":"https","name":"USPTO_Data_Set_API","routes":[{"methods":["GET"],"strip_path":false,"tags":["OAS3_import","OAS3file_uspto.yaml"],"name":"USPTO_Data_Set_API-path-get","paths":["\/ds-api\/(?<dataset>\\S+)\/(?<version>\\S+)\/fields$"]},{"methods":["GET"],"strip_path":false,"tags":["OAS3_import","OAS3file_uspto.yaml"],"name":"USPTO_Data_Set_API-path_1-get","paths":["\/ds-api\/$"]},{"methods":["POST"],"strip_path":false,"tags":["OAS3_import","OAS3file_uspto.yaml"],"name":"USPTO_Data_Set_API-path_2-post","paths":["\/ds-api\/(?<dataset>\\S+)\/(?<version>\\S+)\/records$"]}],"tags":["OAS3_import","OAS3file_uspto.yaml"]},{"host":"httpbin","port":443,"path":"\/","protocol":"https","name":"httpbin","routes":[{"methods":["GET"],"strip_path":false,"tags":["OAS3_import","OAS3file_httpbin.yaml"],"name":"httpbin-path-get","paths":["\/get$"]},{"methods":["GET"],"strip_path":false,"tags":["OAS3_import","OAS3file_httpbin.yaml"],"name":"httpbin-path_1-get","plugins":[{"config":{"hide_credentials":true},"name":"basic-auth"}],"paths":["\/basic-auth\/(?<user>\\S+)\/(?<password>\\S+)$"]},{"methods":["GET"],"strip_path":false,"tags":["OAS3_import","OAS3file_httpbin.yaml"],"name":"httpbin-path_2-get","paths":["\/image\/(?<format>\\S+)$"]},{"methods":["GET"],"strip_path":false,"tags":["OAS3_import","OAS3file_httpbin.yaml"],"name":"httpbin-path_3-get","paths":["\/delay\/(?<n>\\S+)$"]},{"methods":["GET"],"strip_path":false,"tags":["OAS3_import","OAS3file_httpbin.yaml"],"name":"httpbin-path_4-get","paths":["\/html$"]},{"methods":["DELETE"],"strip_path":false,"tags":["OAS3_import","OAS3file_httpbin.yaml"],"name":"httpbin-Returns_the_specified_HTTP_status_code__or_a_random_status_code_if_more_than_one_are_given-delete","paths":["\/status\/(?<statusCode>\\S+)$"]},{"methods":["PUT"],"strip_path":false,"tags":["OAS3_import","OAS3file_httpbin.yaml"],"name":"httpbin-Returns_the_specified_HTTP_status_code__or_a_random_status_code_if_more_than_one_are_given-put","paths":["\/status\/(?<statusCode>\\S+)$"]},{"methods":["PATCH"],"strip_path":false,"tags":["OAS3_import","OAS3file_httpbin.yaml"],"name":"httpbin-Returns_the_specified_HTTP_status_code__or_a_random_status_code_if_more_than_one_are_given-patch","paths":["\/status\/(?<statusCode>\\S+)$"]},{"methods":["POST"],"strip_path":false,"tags":["OAS3_import","OAS3file_httpbin.yaml"],"name":"httpbin-Returns_the_specified_HTTP_status_code__or_a_random_status_code_if_more_than_one_are_given-post","paths":["\/status\/(?<statusCode>\\S+)$"]},{"methods":["GET"],"strip_path":false,"tags":["OAS3_import","OAS3file_httpbin.yaml"],"name":"httpbin-Returns_the_specified_HTTP_status_code__or_a_random_status_code_if_more_than_one_are_given-get","paths":["\/status\/(?<statusCode>\\S+)$"]},{"methods":["GET"],"strip_path":false,"tags":["OAS3_import","OAS3file_httpbin.yaml"],"name":"httpbin-path_5-get","paths":["\/user-agent$"]},{"methods":["GET"],"strip_path":false,"tags":["OAS3_import","OAS3file_httpbin.yaml"],"name":"httpbin-path_6-get","plugins":[{"config":{"hide_credentials":true},"name":"basic-auth"}],"paths":["\/hidden-basic-auth\/(?<user>\\S+)\/(?<password>\\S+)$"]},{"methods":["GET"],"strip_path":false,"tags":["OAS3_import","OAS3file_httpbin.yaml"],"name":"httpbin-path_7-get","paths":["\/headers$"]},{"methods":["GET"],"strip_path":false,"tags":["OAS3_import","OAS3file_httpbin.yaml"],"name":"httpbin-path_8-get","plugins":[{"name":"correlation-id"}],"paths":["\/cookies$"]},{"methods":["GET"],"strip_path":false,"tags":["OAS3_import","OAS3file_httpbin.yaml"],"name":"httpbin-path_9-get","paths":["\/ip$"]},{"methods":["GET"],"strip_path":false,"tags":["OAS3_import","OAS3file_httpbin.yaml"],"name":"httpbin-path_10-get","paths":["\/xml$"]},{"methods":["GET"],"strip_path":false,"tags":["OAS3_import","OAS3file_httpbin.yaml"],"name":"httpbin-path_11-get","paths":["\/cookies\/delete$"]},{"methods":["GET"],"strip_path":false,"tags":["OAS3_import","OAS3file_httpbin.yaml"],"name":"httpbin-path_12-get","paths":["\/image$"]},{"methods":["GET"],"strip_path":false,"tags":["OAS3_import","OAS3file_httpbin.yaml"],"name":"httpbin-path_13-get","paths":["\/parse\/(?<machine_timestamp>\\S+)$"]},{"methods":["POST"],"strip_path":false,"tags":["OAS3_import","OAS3file_httpbin.yaml"],"name":"httpbin-path_14-post","paths":["\/post$"]},{"methods":["GET"],"strip_path":false,"tags":["OAS3_import","OAS3file_httpbin.yaml"],"name":"httpbin-path_15-get","paths":["\/cache$"]},{"methods":["DELETE"],"strip_path":false,"tags":["OAS3_import","OAS3file_httpbin.yaml"],"name":"httpbin-path_16-delete","paths":["\/delete$"]},{"methods":["GET"],"strip_path":false,"tags":["OAS3_import","OAS3file_httpbin.yaml"],"name":"httpbin-path_17-get","paths":["\/when\/(?<human_timestamp>\\S+)$"]},{"methods":["GET"],"strip_path":false,"tags":["OAS3_import","OAS3file_httpbin.yaml"],"name":"httpbin-path_18-get","plugins":[{"config":{"hide_credentials":true},"name":"basic-auth"}],"paths":["\/bearer$"]},{"methods":["GET"],"strip_path":false,"tags":["OAS3_import","OAS3file_httpbin.yaml"],"name":"httpbin-path_19-get","paths":["\/$"]},{"methods":["GET"],"strip_path":false,"tags":["OAS3_import","OAS3file_httpbin.yaml"],"name":"httpbin-path_20-get","paths":["\/cookies\/set$"]}],"tags":["OAS3_import","OAS3file_httpbin.yaml"]},{"host":"Swagger_Petstore","port":80,"path":"\/","protocol":"http","name":"Swagger_Petstore","routes":[{"methods":["POST"],"strip_path":false,"tags":["OAS3_import","OAS3file_petstore.yaml"],"name":"Swagger_Petstore-path-post","paths":["\/v1\/pets$"]},{"methods":["GET"],"strip_path":false,"tags":["OAS3_import","OAS3file_petstore.yaml"],"name":"Swagger_Petstore-path-get","paths":["\/v1\/pets$"]},{"methods":["GET"],"strip_path":false,"tags":["OAS3_import","OAS3file_petstore.yaml"],"name":"Swagger_Petstore-path_1-get","paths":["\/v1\/pets\/(?<petId>\\S+)$"]}],"tags":["OAS3_import","OAS3file_petstore.yaml"]}],"upstreams":[{"tags":["OAS3_import","OAS3file_api-with-examples.yaml"],"name":"Simple_API_overview","targets":[{"target":"backend.com:80"}]},{"tags":["OAS3_import","OAS3file_callback-example.yaml"],"name":"Callback_Example","targets":[{"target":"backend.com:80"}]},{"tags":["OAS3_import","OAS3file_link-example.yaml"],"name":"Link_Example","targets":[{"target":"backend.com:80"}]},{"tags":["OAS3_import","OAS3file_petstore-expanded.yaml"],"name":"Swagger_Petstore","targets":[{"target":"petstore.swagger.io:80"}]},{"tags":["OAS3_import","OAS3file_uspto.yaml"],"name":"USPTO_Data_Set_API","targets":[{"target":"developer.uspto.gov:443"}]},{"tags":["OAS3_import","OAS3file_httpbin.yaml"],"name":"httpbin","targets":[{"target":"httpbin.org:443"},{"target":"eu.httpbin.org:443"}]},{"tags":["OAS3_import","OAS3file_petstore.yaml"],"name":"Swagger_Petstore","targets":[{"target":"petstore.swagger.io:80"}]}],"_format_version":"1.1"}