---
services:
- host: Link_Example
  port: 80
  path: /
  protocol: http
  name: Link_Example
  routes:
  - methods:
    - GET
    strip_path: false
    tags:
    - OAS3_import
    - OAS3file_link-example.yaml
    name: Link_Example-path-get
    paths:
    - /path/2.0/repositories/(?<username>\S+)/(?<slug>\S+)$
  - methods:
    - GET
    strip_path: false
    tags:
    - OAS3_import
    - OAS3file_link-example.yaml
    name: Link_Example-path_1-get
    paths:
    - /path/2.0/repositories/(?<username>\S+)$
  - methods:
    - POST
    strip_path: false
    tags:
    - OAS3_import
    - OAS3file_link-example.yaml
    name: Link_Example-path_2-post
    paths:
    - /path/2.0/repositories/(?<username>\S+)/(?<slug>\S+)/pullrequests/(?<pid>\S+)/merge$
  - methods:
    - GET
    strip_path: false
    tags:
    - OAS3_import
    - OAS3file_link-example.yaml
    name: Link_Example-path_3-get
    paths:
    - /path/2.0/repositories/(?<username>\S+)/(?<slug>\S+)/pullrequests/(?<pid>\S+)$
  - methods:
    - GET
    strip_path: false
    tags:
    - OAS3_import
    - OAS3file_link-example.yaml
    name: Link_Example-path_4-get
    paths:
    - /path/2.0/users/(?<username>\S+)$
  - methods:
    - GET
    strip_path: false
    tags:
    - OAS3_import
    - OAS3file_link-example.yaml
    name: Link_Example-path_5-get
    paths:
    - /path/2.0/repositories/(?<username>\S+)/(?<slug>\S+)/pullrequests$
  tags:
  - OAS3_import
  - OAS3file_link-example.yaml
upstreams:
- tags:
  - OAS3_import
  - OAS3file_link-example.yaml
  name: Link_Example
  targets:
  - target: backend.com:80
_format_version: '1.1'
...
